// Jest Snapshot v1, https://goo.gl/fbAQLP

exports[`Board that it matches an existing snapshot 1`] = `
<div
  className="board"
>
  <NewCardForm
    addCardCallback={[Function]}
  />
</div>
`;

exports[`Board that it renders without crashing even with no url and boardName 1`] = `
<div
  className="board"
>
  <NewCardForm
    addCardCallback={[Function]}
  />
</div>
`;
